pkgs/gizclaw/api/rpcapi/codec_test.go:256:46: call of t.Fatalf copies lock value: github.com/GizClaw/gizclaw-go/pkgs/gizclaw/api/rpcproto.PingRequest contains google.golang.org/protobuf/runtime/protoimpl.MessageState contains sync.Mutex
pkgs/gizclaw/api/rpcapi/codec_test.go:279:47: call of t.Fatalf copies lock value: github.com/GizClaw/gizclaw-go/pkgs/gizclaw/api/rpcproto.PingResponse contains google.golang.org/protobuf/runtime/protoimpl.MessageState contains sync.Mutex
pkgs/gizclaw/api/rpcapi/codec_test.go:317:46: call of t.Fatalf copies lock value: github.com/GizClaw/gizclaw-go/pkgs/gizclaw/api/rpcproto.ServerPeerAssignRequest contains google.golang.org/protobuf/runtime/protoimpl.MessageState contains sync.Mutex
pkgs/gizclaw/api/rpcapi/codec_test.go:346:47: call of t.Fatalf copies lock value: github.com/GizClaw/gizclaw-go/pkgs/gizclaw/api/rpcproto.ServerPeerAssignResponse contains google.golang.org/protobuf/runtime/protoimpl.MessageState contains sync.Mutex
pkgs/gizclaw/api/rpcapi/codec_test.go:358:38: call of t.Fatalf copies lock value: github.com/GizClaw/gizclaw-go/pkgs/gizclaw/api/rpcproto.ServerPeerAssignResponse contains google.golang.org/protobuf/runtime/protoimpl.MessageState contains sync.Mutex
pkgs/gizclaw/api/rpcapi/codec_test.go:534:27: call of t.Fatalf copies lock value: github.com/GizClaw/gizclaw-go/pkgs/gizclaw/api/rpcproto.PetStats contains google.golang.org/protobuf/runtime/protoimpl.MessageState contains sync.Mutex
pkgs/gizclaw/api/rpcapi/generated.go:6519:9: return copies lock value: github.com/GizClaw/gizclaw-go/pkgs/gizclaw/api/rpcproto.ServerPeerLookupRequest contains google.golang.org/protobuf/runtime/protoimpl.MessageState contains sync.Mutex
pkgs/gizclaw/api/rpcapi/generated.go:6523:52: FromServerPeerLookupRequest passes lock by value: github.com/GizClaw/gizclaw-go/pkgs/gizclaw/api/rpcproto.ServerPeerLookupRequest contains google.golang.org/protobuf/runtime/protoimpl.MessageState contains sync.Mutex
pkgs/gizclaw/api/rpcapi/generated.go:6528:53: MergeServerPeerLookupRequest passes lock by value: github.com/GizClaw/gizclaw-go/pkgs/gizclaw/api/rpcproto.ServerPeerLookupRequest contains google.golang.org/protobuf/runtime/protoimpl.MessageState contains sync.Mutex
pkgs/gizclaw/api/rpcapi/generated.go:6536:9: return copies lock value: github.com/GizClaw/gizclaw-go/pkgs/gizclaw/api/rpcproto.ServerPeerAssignRequest contains google.golang.org/protobuf/runtime/protoimpl.MessageState contains sync.Mutex
pkgs/gizclaw/api/rpcapi/generated.go:6540:52: FromServerPeerAssignRequest passes lock by value: github.com/GizClaw/gizclaw-go/pkgs/gizclaw/api/rpcproto.ServerPeerAssignRequest contains google.golang.org/protobuf/runtime/protoimpl.MessageState contains sync.Mutex
pkgs/gizclaw/api/rpcapi/generated.go:6545:53: MergeServerPeerAssignRequest passes lock by value: github.com/GizClaw/gizclaw-go/pkgs/gizclaw/api/rpcproto.ServerPeerAssignRequest contains google.golang.org/protobuf/runtime/protoimpl.MessageState contains sync.Mutex
pkgs/gizclaw/api/rpcapi/generated.go:6553:9: return copies lock value: github.com/GizClaw/gizclaw-go/pkgs/gizclaw/api/rpcproto.ServerRouteResolveRequest contains google.golang.org/protobuf/runtime/protoimpl.MessageState contains sync.Mutex
pkgs/gizclaw/api/rpcapi/generated.go:6557:54: FromServerRouteResolveRequest passes lock by value: github.com/GizClaw/gizclaw-go/pkgs/gizclaw/api/rpcproto.ServerRouteResolveRequest contains google.golang.org/protobuf/runtime/protoimpl.MessageState contains sync.Mutex
pkgs/gizclaw/api/rpcapi/generated.go:6562:55: MergeServerRouteResolveRequest passes lock by value: github.com/GizClaw/gizclaw-go/pkgs/gizclaw/api/rpcproto.ServerRouteResolveRequest contains google.golang.org/protobuf/runtime/protoimpl.MessageState contains sync.Mutex
pkgs/gizclaw/api/rpcapi/generated.go:6570:9: return copies lock value: github.com/GizClaw/gizclaw-go/pkgs/gizclaw/api/rpcproto.ServerPeerLookupResponse contains google.golang.org/protobuf/runtime/protoimpl.MessageState contains sync.Mutex
pkgs/gizclaw/api/rpcapi/generated.go:6574:53: FromServerPeerLookupResponse passes lock by value: github.com/GizClaw/gizclaw-go/pkgs/gizclaw/api/rpcproto.ServerPeerLookupResponse contains google.golang.org/protobuf/runtime/protoimpl.MessageState contains sync.Mutex
pkgs/gizclaw/api/rpcapi/generated.go:6579:54: MergeServerPeerLookupResponse passes lock by value: github.com/GizClaw/gizclaw-go/pkgs/gizclaw/api/rpcproto.ServerPeerLookupResponse contains google.golang.org/protobuf/runtime/protoimpl.MessageState contains sync.Mutex
pkgs/gizclaw/api/rpcapi/generated.go:6587:9: return copies lock value: github.com/GizClaw/gizclaw-go/pkgs/gizclaw/api/rpcproto.ServerPeerAssignResponse contains google.golang.org/protobuf/runtime/protoimpl.MessageState contains sync.Mutex
pkgs/gizclaw/api/rpcapi/generated.go:6591:53: FromServerPeerAssignResponse passes lock by value: github.com/GizClaw/gizclaw-go/pkgs/gizclaw/api/rpcproto.ServerPeerAssignResponse contains google.golang.org/protobuf/runtime/protoimpl.MessageState contains sync.Mutex
pkgs/gizclaw/api/rpcapi/generated.go:6596:54: MergeServerPeerAssignResponse passes lock by value: github.com/GizClaw/gizclaw-go/pkgs/gizclaw/api/rpcproto.ServerPeerAssignResponse contains google.golang.org/protobuf/runtime/protoimpl.MessageState contains sync.Mutex
pkgs/gizclaw/api/rpcapi/generated.go:6604:9: return copies lock value: github.com/GizClaw/gizclaw-go/pkgs/gizclaw/api/rpcproto.ServerRouteResolveResponse contains google.golang.org/protobuf/runtime/protoimpl.MessageState contains sync.Mutex
pkgs/gizclaw/api/rpcapi/generated.go:6608:55: FromServerRouteResolveResponse passes lock by value: github.com/GizClaw/gizclaw-go/pkgs/gizclaw/api/rpcproto.ServerRouteResolveResponse contains google.golang.org/protobuf/runtime/protoimpl.MessageState contains sync.Mutex
pkgs/gizclaw/api/rpcapi/generated.go:6613:56: MergeServerRouteResolveResponse passes lock by value: github.com/GizClaw/gizclaw-go/pkgs/gizclaw/api/rpcproto.ServerRouteResolveResponse contains google.golang.org/protobuf/runtime/protoimpl.MessageState contains sync.Mutex
pkgs/gizclaw/api/rpcapi/payload_codec.go:1124:30: call of reflect.ValueOf copies lock value: google.golang.org/protobuf/types/known/structpb.Struct contains google.golang.org/protobuf/runtime/protoimpl.MessageState contains sync.Mutex
pkgs/gizclaw/api/rpcapi/payload_codec.go:991:9: assignment copies lock value to st: google.golang.org/protobuf/types/known/structpb.Struct contains google.golang.org/protobuf/runtime/protoimpl.MessageState contains sync.Mutex
sdk/go/gizcli/client.go:372:75: ServerPeerLookup passes lock by value: github.com/GizClaw/gizclaw-go/pkgs/gizclaw/api/rpcproto.ServerPeerLookupRequest contains google.golang.org/protobuf/runtime/protoimpl.MessageState contains sync.Mutex
sdk/go/gizcli/client.go:374:49: call of client.ServerPeerLookup copies lock value: github.com/GizClaw/gizclaw-go/pkgs/gizclaw/api/rpcproto.ServerPeerLookupRequest contains google.golang.org/protobuf/runtime/protoimpl.MessageState contains sync.Mutex
sdk/go/gizcli/client.go:378:75: ServerPeerAssign passes lock by value: github.com/GizClaw/gizclaw-go/pkgs/gizclaw/api/rpcproto.ServerPeerAssignRequest contains google.golang.org/protobuf/runtime/protoimpl.MessageState contains sync.Mutex
sdk/go/gizcli/client.go:380:49: call of client.ServerPeerAssign copies lock value: github.com/GizClaw/gizclaw-go/pkgs/gizclaw/api/rpcproto.ServerPeerAssignRequest contains google.golang.org/protobuf/runtime/protoimpl.MessageState contains sync.Mutex
sdk/go/gizcli/client.go:384:77: ServerRouteResolve passes lock by value: github.com/GizClaw/gizclaw-go/pkgs/gizclaw/api/rpcproto.ServerRouteResolveRequest contains google.golang.org/protobuf/runtime/protoimpl.MessageState contains sync.Mutex
sdk/go/gizcli/client.go:386:51: call of client.ServerRouteResolve copies lock value: github.com/GizClaw/gizclaw-go/pkgs/gizclaw/api/rpcproto.ServerRouteResolveRequest contains google.golang.org/protobuf/runtime/protoimpl.MessageState contains sync.Mutex
sdk/go/gizcli/rpc_edge.go:11:93: ServerPeerLookup passes lock by value: github.com/GizClaw/gizclaw-go/pkgs/gizclaw/api/rpcproto.ServerPeerLookupRequest contains google.golang.org/protobuf/runtime/protoimpl.MessageState contains sync.Mutex
sdk/go/gizcli/rpc_edge.go:12:74: call of callResourceRPC copies lock value: github.com/GizClaw/gizclaw-go/pkgs/gizclaw/api/rpcproto.ServerPeerLookupRequest contains google.golang.org/protobuf/runtime/protoimpl.MessageState contains sync.Mutex
sdk/go/gizcli/rpc_edge.go:15:93: ServerPeerAssign passes lock by value: github.com/GizClaw/gizclaw-go/pkgs/gizclaw/api/rpcproto.ServerPeerAssignRequest contains google.golang.org/protobuf/runtime/protoimpl.MessageState contains sync.Mutex
sdk/go/gizcli/rpc_edge.go:16:74: call of callResourceRPC copies lock value: github.com/GizClaw/gizclaw-go/pkgs/gizclaw/api/rpcproto.ServerPeerAssignRequest contains google.golang.org/protobuf/runtime/protoimpl.MessageState contains sync.Mutex
sdk/go/gizcli/rpc_edge.go:19:95: ServerRouteResolve passes lock by value: github.com/GizClaw/gizclaw-go/pkgs/gizclaw/api/rpcproto.ServerRouteResolveRequest contains google.golang.org/protobuf/runtime/protoimpl.MessageState contains sync.Mutex
sdk/go/gizcli/rpc_edge.go:20:76: call of callResourceRPC copies lock value: github.com/GizClaw/gizclaw-go/pkgs/gizclaw/api/rpcproto.ServerRouteResolveRequest contains google.golang.org/protobuf/runtime/protoimpl.MessageState contains sync.Mutex
